Change Component Designator: OldDesignator= ? NewDesignator= 1
Change Component Designator: OldDesignator= ? NewDesignator= 2
Change Component Designator: OldDesignator= ? NewDesignator= 3
Change Component Designator: OldDesignator= ? NewDesignator= 4
Change Component Designator: OldDesignator= ? NewDesignator= 5
Change Component Designator: OldDesignator= ? NewDesignator= 6
Change Component Designator: OldDesignator= ? NewDesignator= 7
Change Component Designator: OldDesignator= ? NewDesignator= 8
Change Component Designator: OldDesignator=C? NewDesignator=C1
Change Component Designator: OldDesignator=C? NewDesignator=C2
Change Component Designator: OldDesignator=C? NewDesignator=C3
Change Component Designator: OldDesignator=D? NewDesignator=D1
Change Component Designator: OldDesignator=Q? NewDesignator=Q1
Change Component Designator: OldDesignator=R? NewDesignator=R1
Change Component Designator: OldDesignator=R? NewDesignator=R2
Change Component Designator: OldDesignator=R? NewDesignator=R3
Change Component Designator: OldDesignator=R? NewDesignator=R4
Change Component Designator: OldDesignator=R? NewDesignator=R5
Change Component Designator: OldDesignator=R? NewDesignator=R6
Change Component Designator: OldDesignator=R? NewDesignator=R7
Change Component Designator: OldDesignator=R? NewDesignator=R8
Change Component Designator: OldDesignator=R? NewDesignator=R9
Change Component Designator: OldDesignator=R? NewDesignator=R10
Change Component Designator: OldDesignator=SW_BOOT? NewDesignator=SW_BOOT1
Change Component Designator: OldDesignator=U? NewDesignator=U1
Change Component Designator: OldDesignator=U? NewDesignator=U2
Change Component Designator: OldDesignator=U? NewDesignator=U3
Change Component Designator: OldDesignator=U? NewDesignator=U4
Change Component Designator: OldDesignator=Y? NewDesignator=Y1
Change Component Designator: OldDesignator=Y? NewDesignator=Y2
Change Net Name : Old Net Name=Net ?_1 New Net Name=Net 4_1
Change Net Name : Old Net Name=Net ?_2 New Net Name=Net 1_2
Change Net Name : Old Net Name=NetD?_2 New Net Name=NetD1_2
Change Net Name : Old Net Name=NetQ?_1 New Net Name=NetQ1_1
Change Net Name : Old Net Name=NetQ?_2 New Net Name=NetQ1_2
Change Net Name : Old Net Name=NetR?_2 New Net Name=NetR9_2
Added Pin To Net: NetName=Net 2_1 Pin= 2-1
Added Pin To Net: NetName=Net 2_1 Pin=U1-7
Added Pin To Net: NetName=Net 2_1 Pin=Y1-1
Added Net: Name=Net 2_1
Added Pin To Net: NetName=Net 5_2 Pin= 5-2
Added Pin To Net: NetName=Net 5_2 Pin=U1-13
Added Net: Name=Net 5_2
Added Pin To Net: NetName=Net 6_1 Pin= 6-1
Added Pin To Net: NetName=Net 6_1 Pin=R3-2
Added Pin To Net: NetName=Net 6_1 Pin=U2-8
Added Pin To Net: NetName=Net 6_1 Pin=Y2-2
Added Net: Name=Net 6_1
Added Pin To Net: NetName=Net 7_1 Pin= 7-1
Added Pin To Net: NetName=Net 7_1 Pin=U2-20
Added Net: Name=Net 7_1
Added Pin To Net: NetName=Net 8_1 Pin= 8-1
Added Pin To Net: NetName=Net 8_1 Pin=R8-1
Added Pin To Net: NetName=Net 8_1 Pin=U3-3
Added Net: Name=Net 8_1
Added Pin To Net: NetName=NetR1_2 Pin=R1-2
Added Pin To Net: NetName=NetR1_2 Pin=U1-3
Added Net: Name=NetR1_2
Added Pin To Net: NetName=NetR2_2 Pin=R2-2
Added Pin To Net: NetName=NetR2_2 Pin=U1-2
Added Net: Name=NetR2_2
Added Member To Class: ClassName=Main Member=Component  1 100nF
Added Member To Class: ClassName=Main Member=Component  2 22pF
Added Member To Class: ClassName=Main Member=Component  3 100nF
Added Member To Class: ClassName=Main Member=Component  4 22pF
Added Member To Class: ClassName=Main Member=Component  5 100nF
Added Member To Class: ClassName=Main Member=Component  7 100nF
Added Member To Class: ClassName=Main Member=Component  8 1uF
Added Member To Class: ClassName=Main Member=Component C2 100nF
Added Member To Class: ClassName=Main Member=Component C3 10uF
Added Member To Class: ClassName=Main Member=Component R1 1K
Added Member To Class: ClassName=Main Member=Component R2 1K
Added Member To Class: ClassName=Main Member=Component R3 1M
Added Member To Class: ClassName=Main Member=Component R4 10K
Added Member To Class: ClassName=Main Member=Component R6 5.1K
Added Member To Class: ClassName=Main Member=Component R7 5.1K
Added Member To Class: ClassName=Main Member=Component R8 10K
Added Member To Class: ClassName=Main Member=Component R9 1K
Added Member To Class: ClassName=Main Member=Component R10 100R
Added Member To Class: ClassName=Main Member=Component U1 CH340G
Added Member To Class: ClassName=Main Member=Component U3 MCP6001T-I/OT
Added Member To Class: ClassName=Main Member=Component U4 AMS1117-3.3
Added Member To Class: ClassName=Main Member=Component Y2 16MHz
